[debug] [2026-08-06T08:04:58.932Z] ----------------------------------------------------------------------
[debug] [2026-08-06T08:04:58.937Z] Command:       d:\nodejs\node.exe C:\Users\LENOVO\AppData\Local\npm-cache\_npx\7750544ccf494d8b\node_modules\firebase-tools\lib\bin\firebase.js apps:list --project watch-ai-new
[debug] [2026-08-06T08:04:58.938Z] CLI Version:   15.26.0
[debug] [2026-08-06T08:04:58.938Z] Platform:      win32
[debug] [2026-08-06T08:04:58.938Z] Node Version:  v24.13.0
[debug] [2026-08-06T08:04:58.938Z] Detected Agent: antigravity
[debug] [2026-08-06T08:04:58.938Z] Time:          Thu Aug 06 2026 13:34:58 GMT+0530 (India Standard Time)
[debug] [2026-08-06T08:04:58.938Z] ----------------------------------------------------------------------
[debug] 
[debug] [2026-08-06T08:04:58.960Z] > command requires scopes: ["email","openid","https://www.googleapis.com/auth/cloudplatformprojects.readonly","https://www.googleapis.com/auth/firebase","https://www.googleapis.com/auth/cloud-platform"]
[debug] [2026-08-06T08:04:58.960Z] > authorizing via signed-in user (sitl24ad01@sairamtap.edu.in)
[debug] [2026-08-06T08:04:58.986Z] Checked if tokens are valid: true, expires at: 1786006867210
[debug] [2026-08-06T08:04:58.987Z] Checked if tokens are valid: true, expires at: 1786006867210
[debug] [2026-08-06T08:04:58.989Z] >>> [apiv2][query] GET https://firebase.googleapis.com/v1beta1/projects/watch-ai-new:searchApps pageSize=100
[debug] [2026-08-06T08:05:00.356Z] <<< [apiv2][status] GET https://firebase.googleapis.com/v1beta1/projects/watch-ai-new:searchApps 403
[debug] [2026-08-06T08:05:00.356Z] <<< [apiv2][body] GET https://firebase.googleapis.com/v1beta1/projects/watch-ai-new:searchApps {"error":{"code":403,"message":"The caller does not have permission","status":"PERMISSION_DENIED"}}
[debug] [2026-08-06T08:05:00.358Z] Request to https://firebase.googleapis.com/v1beta1/projects/watch-ai-new:searchApps?pageSize=100 had HTTP Error: 403, The caller does not have permission
[debug] [2026-08-06T08:05:00.668Z] FirebaseError: Request to https://firebase.googleapis.com/v1beta1/projects/watch-ai-new:searchApps?pageSize=100 had HTTP Error: 403, The caller does not have permission
    at responseToError (C:\Users\LENOVO\AppData\Local\npm-cache\_npx\7750544ccf494d8b\node_modules\firebase-tools\lib\responseToError.js:53:12)
    at RetryOperation._fn (C:\Users\LENOVO\AppData\Local\npm-cache\_npx\7750544ccf494d8b\node_modules\firebase-tools\lib\apiv2.js:415:77)
    at process.processTicksAndRejections (node:internal/process/task_queues:103:5)
[error] 
[error] Error: Failed to list Firebase apps. See firebase-debug.log for more info.
